May 02, 2025 11:11:48 AM com.dataflow.util.LoggerUtil info
INFO: User initiated load sample action.
May 02, 2025 11:11:48 AM com.dataflow.util.LoggerUtil info
INFO: Sample text loaded successfully.
May 02, 2025 11:11:55 AM com.dataflow.util.LoggerUtil info
INFO: User initiated regex pattern validation.
May 02, 2025 11:11:55 AM com.dataflow.util.LoggerUtil info
INFO: Regex pattern is valid: baki
May 02, 2025 11:11:58 AM com.dataflow.util.LoggerUtil info
INFO: User initiated regex operation execution.
May 02, 2025 11:11:58 AM com.dataflow.util.LoggerUtil info
INFO: Executing 'Find Matches' operation.
May 02, 2025 11:11:58 AM com.dataflow.util.LoggerUtil info
INFO: Found 1 matches.
May 02, 2025 11:12:49 AM com.dataflow.util.LoggerUtil info
INFO: User initiated regex pattern validation.
May 02, 2025 11:12:49 AM com.dataflow.util.LoggerUtil warn
WARNING: Validation failed: No regex pattern provided.
May 02, 2025 11:14:02 AM com.dataflow.util.LoggerUtil info
INFO: User initiated regex operation execution.
May 02, 2025 11:14:02 AM com.dataflow.util.LoggerUtil warn
WARNING: Regex operation failed: No regex pattern provided.
May 02, 2025 11:14:16 AM com.dataflow.util.LoggerUtil info
INFO: User initiated regex pattern validation.
May 02, 2025 11:14:16 AM com.dataflow.util.LoggerUtil warn
WARNING: Regex pattern is invalid: +22
May 02, 2025 11:14:21 AM com.dataflow.util.LoggerUtil info
INFO: User initiated regex operation execution.
May 02, 2025 11:14:21 AM com.dataflow.util.LoggerUtil warn
WARNING: Regex operation failed: Invalid regex pattern.
